---
source: borsh-derive/src/internals/schema/enums/mod.rs
expression: pretty_print_syn_str(&actual).unwrap()
---
impl borsh::BorshSchema for A {
    fn declaration() -> borsh::schema::Declaration {
        "A".to_string()
    }
    fn add_definitions_recursively(
        definitions: &mut borsh::__private::maybestd::collections::BTreeMap<
            borsh::schema::Declaration,
            borsh::schema::Definition,
        >,
    ) {
        <() as borsh::BorshSchema>::add_definitions_recursively(definitions);
        <() as borsh::BorshSchema>::add_definitions_recursively(definitions);
        let discriminant_0: u8 = 0u8;
        let discriminant_1: u8 = 1u8;
        let definition = borsh::schema::Definition::Enum {
            tag_width: 1,
            variants: borsh::__private::maybestd::vec![
                (discriminant_0 as i64, "Bacon".into(), < () as borsh::BorshSchema >
                ::declaration(),), (discriminant_1 as i64, "Eggs".into(), < () as
                borsh::BorshSchema > ::declaration(),)
            ],
        };
        borsh::schema::add_definition(
            <Self as borsh::BorshSchema>::declaration(),
            definition,
            definitions,
        );
    }
}

